Fetching 20 files:   0%|          | 0/20 [00:00<?, ?it/s]Fetching 20 files: 100%|██████████| 20/20 [00:00<00:00, 2054.92it/s]
Loading weights:   0%|          | 0/760 [00:00<?, ?it/s]Loading weights: 100%|██████████| 760/760 [00:00<00:00, 12874.64it/s]
[transformers] `causal_conv1d_fn` is falling back to its reference PyTorch implementation because `causal_conv1d` is not installed. This is correct but much slower; install `causal_conv1d` for the optimized kernel.
[transformers] `chunk_gated_delta_rule` is falling back to its reference PyTorch implementation because `flash-linear-attention` is not installed. This is correct but much slower; install `flash-linear-attention` for the optimized kernel.
[1/248] live_multiple_996-227-0: add_service_config
[2/248] live_multiple_776-172-1: RentalCars_3_GetCarsAvailable
[3/248] live_multiple_140-54-0: weather.get
[4/248] live_multiple_139-53-1: stock_price.get
[5/248] live_multiple_142-55-0: weather.get_weather_data
[6/248] live_multiple_245-109-0: version_api.VersionApi.get_version
[7/248] live_multiple_134-51-0: stock_price.get
[8/248] live_multiple_259-123-0: project_api.ProjectApi.get_project_by_name_and_version
[9/248] live_multiple_7-3-2: create_workspace
[10/248] live_multiple_956-203-0: partner.mandates
[11/248] live_multiple_263-126-0: EventQuery
[12/248] live_multiple_126-48-0: analysis_api.AnalysisApi.retrieve_analysis
[13/248] live_multiple_1019-248-0: releases_api.ReleasesApi.delete_release
[14/248] live_multiple_191-85-0: sort_list
[15/248] live_multiple_362-134-7: Movies_3_FindMovies
[16/248] live_multiple_1050-277-0: Weather_1_GetWeather
[17/248] live_multiple_992-223-0: delete_apdex_configuration
[18/248] live_multiple_1024-253-0: find_infra_alert_config_versions
[19/248] live_multiple_71-31-0: add_postgres_server
[20/248] live_multiple_197-89-0: get_tickets
[21/248] live_multiple_224-98-0: reschedule
[22/248] live_multiple_1032-260-0: get_synthetic_locations
[23/248] live_multiple_1011-240-0: get_synthetic_credential_names
[24/248] live_multiple_223-97-0: list_directory_contents
[25/248] live_multiple_1003-232-2: api_token_api.APITokenApi.get_api_tokens
[26/248] live_multiple_1033-261-0: SyntheticSettingsApi.get_synthetic_locations
[27/248] live_multiple_1004-233-0: audit_log_api.AuditLogApi.get_access_logs
[28/248] live_multiple_627-160-7: Payment_1_MakePayment
[29/248] live_multiple_219-94-1: get_sensor_readings_history
[30/248] live_multiple_952-201-0: uber.eat.order
[31/248] live_multiple_1025-254-0: MaintenanceConfigurationApi.get_maintenance_config
[32/248] live_multiple_708-164-24: Movies_3_FindMovies
[33/248] live_multiple_766-170-4: Buses_3_FindBus
[34/248] live_multiple_34-11-0: get_news_report
[35/248] live_multiple_1012-241-0: get_synthetic_locations
[36/248] live_multiple_177-74-0: get_trip
[37/248] live_multiple_989-220-0: get_websites
[38/248] live_multiple_954-202-0: flight.status.check
[39/248] live_multiple_292-130-1: Hotels_2_SearchHouse
[40/248] live_multiple_251-115-0: version_api.VersionApi.get_version
[41/248] live_multiple_230-103-1: get_contact_information
[42/248] live_multiple_222-96-0: uber.ride
[43/248] live_multiple_144-56-0: get_sensor_readings_latest
[44/248] live_multiple_909-188-0: youtube.check_videos
[45/248] live_multiple_682-163-7: Weather_1_GetWeather
[46/248] live_multiple_785-173-7: Services_4_FindProvider
[47/248] live_multiple_1022-251-0: get_hosts_per_month
[48/248] live_multiple_958-204-0: partner.sips
[49/248] live_multiple_378-135-2: Services_4_FindProvider
[50/248] live_multiple_221-95-0: segment
[51/248] live_multiple_1006-235-0: get_monitoring_state
[52/248] live_multiple_1021-250-0: restore_mobile_app_alert_config
[53/248] live_multiple_258-122-0: project_api.ProjectApi.get_project_by_name_and_version
[54/248] live_multiple_994-225-0: EventSettingsApi.restore_mobile_app_alert_config
[55/248] live_multiple_286-129-1: Services_4_FindProvider
[56/248] live_multiple_233-105-0: get_contact_information
[57/248] live_multiple_81-36-2: add_mtnards_server
[58/248] live_multiple_37-13-0: todo_delete
[59/248] live_multiple_1013-242-0: get_synthetic_locations
[60/248] live_multiple_555-154-1: RentalCars_3_GetCarsAvailable
[61/248] live_multiple_1030-258-0: get_website_geo_mapping_rules
[62/248] live_multiple_66-27-0: add_postgres_server
[63/248] live_multiple_982-215-6: get_service_providers
[64/248] live_multiple_941-195-0: play_song
[65/248] live_multiple_540-152-2: Homes_2_FindHomeByArea
[66/248] live_multiple_924-191-12: get_service_providers
[67/248] live_multiple_161-63-0: get_detail_adriel_project
[68/248] live_multiple_156-59-0: analysis_api.AnalysisApi.retrieve_analysis
[69/248] live_multiple_937-193-0: acl_api.AclApi.retrieve_projects
[70/248] live_multiple_322-132-12: Movies_3_FindMovies
[71/248] live_multiple_250-114-0: version_api.VersionApi.get_version
[72/248] live_multiple_70-30-1: dartfx_help
[73/248] live_multiple_194-87-1: CalcProduct
[74/248] live_multiple_529-151-5: Events_3_FindEvents
[75/248] live_multiple_67-28-0: add_postgres_server
[76/248] live_multiple_969-210-1: uber.eat.order
[77/248] live_multiple_727-166-2: Services_1_BookAppointment
[78/248] live_multiple_854-180-2: Buses_3_FindBus
[79/248] live_multiple_848-179-2: Restaurants_2_FindRestaurants
[80/248] live_multiple_497-148-7: Events_3_FindEvents
[81/248] live_multiple_246-110-0: version_api.VersionApi.get_version
[82/248] live_multiple_961-205-1: web_search
[83/248] live_multiple_1045-272-0: Services_4_FindProvider
[84/248] live_multiple_993-224-0: get_apdex_report
[85/248] live_multiple_163-64-0: get_detail_adriel_project
[86/248] live_multiple_1028-256-0: host_agent_api.get_agent_snapshot
[87/248] live_multiple_511-149-8: Flights_4_SearchOnewayFlight
[88/248] live_multiple_260-124-0: version_api.VersionApi.get_version
[89/248] live_multiple_165-65-1: get_adriel_list_projects
[90/248] live_multiple_1035-263-0: api_token_api.APITokenApi.get_api_tokens
[91/248] live_multiple_973-213-0: get_service_providers
[92/248] live_multiple_249-113-0: version_api.VersionApi.get_version
[93/248] live_multiple_42-16-1: get_pods
[94/248] live_multiple_604-158-10: Hotels_4_SearchHotel
[95/248] live_multiple_735-167-6: Homes_2_FindHomeByArea
[96/248] live_multiple_196-88-0: get_tickets
[97/248] live_multiple_715-165-2: Hotels_2_SearchHouse
[98/248] live_multiple_350-133-14: Music_3_LookupMusic
[99/248] live_multiple_36-12-0: todo_add
[100/248] live_multiple_835-178-10: Music_3_LookupMusic
[101/248] live_multiple_905-186-2: Trains_1_GetTrainTickets
[102/248] live_multiple_283-128-6: Restaurants_2_FindRestaurants
[103/248] live_multiple_149-58-3: get_sensor_alerts
[104/248] live_multiple_895-185-5: Payment_1_MakePayment
[105/248] live_multiple_581-157-2: Media_3_FindMovies
[106/248] live_multiple_991-222-0: website_configuration_api.WebsiteConfigurationApi.rename_website
[107/248] live_multiple_975-214-1: get_service_providers
[108/248] live_multiple_73-33-0: add_postgres_server
[109/248] live_multiple_236-106-2: set_point
[110/248] live_multiple_51-21-0: order_status_check
[111/248] live_multiple_552-153-1: Services_1_FindProvider
[112/248] live_multiple_392-138-0: Services_1_FindProvider
[113/248] live_multiple_247-111-0: analysis_api.AnalysisApi.retrieve_analysis
[114/248] live_multiple_192-86-0: analyze_image_with_question.pipeline
[115/248] live_multiple_1016-245-0: create_global_application_alert_config
[116/248] live_multiple_63-25-0: uber.eat.order
[117/248] live_multiple_127-49-0: search_engine.query
[118/248] live_multiple_186-81-0: weather_forecast.get
[119/248] live_multiple_72-32-0: add_postgres_server
[120/248] live_multiple_0-0-0: ChaDri.change_drink
[121/248] live_multiple_158-61-0: get_adriel_projects
[122/248] live_multiple_157-60-0: get_adriel_projects
[123/248] live_multiple_617-159-10: Events_3_FindEvents
[124/248] live_multiple_74-34-0: dartfx_help
[125/248] live_multiple_68-29-0: add_postgres_server
[126/248] live_multiple_3-2-0: api.weather
[127/248] live_multiple_40-15-0: oven_preheat
[128/248] live_multiple_911-190-0: view_service_provider_profile
[129/248] live_multiple_1009-238-0: get_website_geo_mapping_rules
[130/248] live_multiple_398-139-2: Events_3_FindEvents
[131/248] live_multiple_972-212-1: get_service_providers
[132/248] live_multiple_145-57-0: get_shopping
[133/248] live_multiple_1005-234-0: host_agent_api.HostAgentApi.get_agent_snapshot
[134/248] live_multiple_812-176-3: Alarm_1_AddAlarm
[135/248] live_multiple_78-35-2: dartfx_help
[136/248] live_multiple_64-26-0: uber.eat.order
[137/248] live_multiple_167-67-0: get_adriel_profile
[138/248] live_multiple_182-77-0: math_gcd
[139/248] live_multiple_944-196-2: set_volume
[140/248] live_multiple_477-146-2: Music_3_LookupMusic
[141/248] live_multiple_936-192-1: set_alarm
[142/248] live_multiple_62-24-0: todoIdx
[143/248] live_multiple_39-14-1: review_of_interviewer
[144/248] live_multiple_822-177-5: Events_3_FindEvents
[145/248] live_multiple_860-181-1: Trains_1_FindTrains
[146/248] live_multiple_136-52-0: weather.get_weather
[147/248] live_multiple_1007-236-0: software_versions
[148/248] live_multiple_408-140-4: RideSharing_2_GetRide
[149/248] live_simple_252-134-0: flight.status.check
[150/248] live_simple_131-84-1: requests.get
[151/248] live_simple_186-111-0: get_service_providers
[152/248] live_simple_135-88-0: requests.get
[153/248] live_simple_191-115-1: raptor.mpn.specs
[154/248] live_simple_251-133-0: flight.status.check
[155/248] live_simple_129-83-1: requests.get
[156/248] live_simple_105-62-0: classify
[157/248] live_simple_116-72-0: sum_numbers
[158/248] live_simple_88-49-0: log_food
[159/248] live_simple_253-135-0: uber.eat.order
[160/248] live_simple_229-120-0: requests.get
[161/248] live_simple_81-42-0: sitefinity_create_contentitem
[162/248] live_simple_10-3-6: get_current_weather
[163/248] live_simple_30-8-0: aws.lexv2_models.list_exports
[164/248] live_simple_47-20-0: multiply
[165/248] live_simple_233-123-0: book_flight
[166/248] live_simple_91-52-0: fetchPerson
[167/248] live_simple_98-58-0: get_weather_by_coordinates
[168/248] live_simple_69-33-0: analysis_api.AnalysisApi.retrieve_analysis
[169/248] live_simple_132-85-0: requests.get
[170/248] live_simple_50-22-0: get_latest_carbon_intensity
[171/248] live_simple_243-126-1: set_volume
[172/248] live_simple_70-34-0: get_sensor_alerts
[173/248] live_simple_95-56-0: process_data
[174/248] live_simple_22-5-0: ChaFod
[175/248] live_simple_86-47-0: sort_array
[176/248] live_simple_93-54-0: play_artist
[177/248] live_simple_114-70-0: update_user_profile
[178/248] live_simple_238-125-1: play_spotify_song
[179/248] live_simple_227-118-1: text_to_speech.convert
[180/248] live_simple_126-82-0: telemetry.flowrules.interfaceInfo.get
[181/248] live_simple_173-99-7: cmd_controller.execute
[182/248] live_simple_45-18-1: ThinQ_Connect
[183/248] live_simple_65-29-5: todo
[184/248] live_simple_40-17-0: ThinQ_Connect
[185/248] live_simple_90-51-0: temperature
[186/248] live_simple_120-76-0: weather.forecast
[187/248] live_simple_92-53-0: play_artist
[188/248] live_simple_235-124-0: play_spotify_song
[189/248] live_simple_248-130-0: acl_api.AclApi.retrieve_projects
[190/248] live_simple_246-128-0: book_flight
[191/248] live_simple_124-80-0: get_tickets
[192/248] live_simple_96-57-0: get_current_weather
[193/248] live_simple_46-19-0: ThinQ_Connect
[194/248] live_simple_104-61-2: calculate_tax
[195/248] live_simple_139-92-0: requests.get
[196/248] live_simple_53-24-0: todo_add
[197/248] live_simple_152-95-9: cmd_controller.execute
[198/248] live_simple_118-74-0: get_temperature
[199/248] live_irrelevance_240-44-0: cannot_answer
[200/248] live_irrelevance_436-109-0: no_tool
[201/248] live_irrelevance_849-339-0: cannot_answer
[202/248] live_irrelevance_199-32-12: no_tool
[203/248] live_irrelevance_279-61-0: no_tool
[204/248] live_irrelevance_825-318-0: cannot_answer
[205/248] live_irrelevance_157-18-1: clarify
[206/248] live_irrelevance_444-114-0: no_tool
[207/248] live_irrelevance_408-90-0: clarify
[208/248] live_irrelevance_480-136-0: cannot_answer
[209/248] live_irrelevance_708-232-0: no_tool
[210/248] live_irrelevance_445-115-0: no_tool
[211/248] live_irrelevance_843-333-0: no_tool
[212/248] live_irrelevance_810-309-0: cannot_answer
[213/248] live_irrelevance_848-338-0: no_tool
[214/248] live_irrelevance_860-349-0: cannot_answer
[215/248] live_irrelevance_400-83-0: cannot_answer
[216/248] live_irrelevance_771-280-0: no_tool
[217/248] live_irrelevance_399-82-0: no_tool
[218/248] live_irrelevance_815-313-0: cannot_answer
[219/248] live_irrelevance_228-35-3: no_tool
[220/248] live_irrelevance_109-6-0: cannot_answer
[221/248] live_irrelevance_10-1-0: cannot_answer
[222/248] live_irrelevance_69-2-57: cannot_answer
[223/248] live_irrelevance_526-162-1: introduction.greet
[224/248] live_irrelevance_469-130-1: cannot_answer
[225/248] live_irrelevance_853-343-0: cannot_answer
[226/248] live_irrelevance_818-314-2: cannot_answer
[227/248] live_irrelevance_813-311-0: cannot_answer
[228/248] live_irrelevance_510-150-1: cannot_answer
[229/248] live_irrelevance_720-238-1: no_tool
[230/248] live_irrelevance_837-327-1: no_tool
[231/248] live_irrelevance_432-107-0: no_tool
[232/248] live_irrelevance_852-342-0: clarify
[233/248] live_irrelevance_479-135-1: cannot_answer
[234/248] live_irrelevance_775-284-0: cannot_answer
[235/248] live_irrelevance_476-134-0: clarify
[236/248] live_irrelevance_711-235-0: cannot_answer
[237/248] live_irrelevance_842-332-0: cannot_answer
[238/248] live_irrelevance_427-102-1: no_tool
[239/248] live_irrelevance_867-353-0: cannot_answer
[240/248] live_irrelevance_452-120-0: no_tool
[241/248] live_irrelevance_276-60-1: cannot_answer
[242/248] live_irrelevance_484-138-1: no_tool
[243/248] live_irrelevance_377-81-38: no_tool
[244/248] live_irrelevance_415-94-0: no_tool
[245/248] live_irrelevance_830-323-0: cannot_answer
[246/248] live_irrelevance_424-101-1: no_tool
[247/248] live_irrelevance_301-75-0: no_tool
[248/248] live_irrelevance_460-125-1: no_tool
{
  "summary": "/data/home/pritish/jev-model-performance-v4-dgx59-20260929/results/bfcl_v4_nimble.summary.json",
  "overall": {
    "total": 250,
    "correct": 222,
    "tool_selection_correct": 249,
    "errors": 0,
    "incorrect_responses": 28,
    "accuracy_all_cases": 0.888,
    "tool_selection_accuracy_all_cases": 0.996,
    "accuracy_responded_only": 0.888
  }
}
